
> 05rpm-site@0.1.0 build
> next build

  Γû▓ Next.js 14.2.35

   Creating an optimized production build ...
node.exe : Failed to compile.
At line:1 char:1
+ & "C:\Program Files\nodejs/node.exe" 
"C:\Program Files\nodejs/node_mo ...
+ ~~~~~~~~~~~~~~~~~~~~~~~~~~~~~~~~~~~~~~~~~~
~~~~~~~~~~~~~~~~~~~~~~~~~~~
    + CategoryInfo          : NotSpecified: 
    (Failed to compile.:String) [], Remote  
  Exception
    + FullyQualifiedErrorId : NativeCommand 
   Error
 

./app/page.tsx
Module not found: Can't resolve 
'@/hooks/useScrollReveal'

https://nextjs.org/docs/messages/module-not-
found

./app/page.tsx
Module not found: Can't resolve 
'@/components/Nav'

https://nextjs.org/docs/messages/module-not-
found

./app/page.tsx
Module not found: Can't resolve 
'@/components/Hero'

https://nextjs.org/docs/messages/module-not-
found

./app/page.tsx
Module not found: Can't resolve 
'@/components/Marquee'

https://nextjs.org/docs/messages/module-not-
found

./app/page.tsx
Module not found: Can't resolve 
'@/components/WhyUs'

https://nextjs.org/docs/messages/module-not-
found


> Build failed because of webpack errors
