
> 05rpm-site@0.1.0 build
> next build

  Γû▓ Next.js 14.2.35
  - Environments: .env

   Creating an optimized production build ...
 Γ£ô Compiled successfully
   Linting and checking validity of types ...
node.exe : 
At line:1 char:1
+ & "C:\Program 
Files\nodejs/node.exe" "C:\Program 
Files\nodejs/node_mo ...
+ ~~~~~~~~~~~~~~~~~~~~~~~~~~~~~~~~~~
~~~~~~~~~~~~~~~~~~~~~~~~~~~~~~~~~~~
    + CategoryInfo          : NotSp 
   ecified: (:String) [], RemoteEx  
  ception
    + FullyQualifiedErrorId : Nativ 
   eCommandError
 
Failed to compile.

./components/Archives.tsx
6:23  Error: 'CaseStudyType' is 
defined but never used.  
@typescript-eslint/no-unused-vars
111:21  Warning: Using `<img>` 
could result in slower LCP and 
higher bandwidth. Consider using 
`<Image />` from `next/image` to 
automatically optimize images. This 
may incur additional usage or cost 
from your provider. See: https://nex
tjs.org/docs/messages/no-img-element
  @next/next/no-img-element

./components/CaseStudies.tsx
71:95  Error: Comments inside 
children section of tag should be 
placed inside braces  
react/jsx-no-comment-textnodes

./components/Process.tsx
4:8  Error: 'FloatEl' is defined 
but never used.  
@typescript-eslint/no-unused-vars

./components/ui/ImageCarousel.tsx
61:13  Warning: Using `<img>` could 
result in slower LCP and higher 
bandwidth. Consider using `<Image 
/>` from `next/image` to 
automatically optimize images. This 
may incur additional usage or cost 
from your provider. See: https://nex
tjs.org/docs/messages/no-img-element
  @next/next/no-img-element

info  - Need to disable some ESLint 
rules? Learn more here: https://next
js.org/docs/basic-features/eslint#di
sabling-rules
